2024-12-04T14:08:46.229+07:00  INFO 34108 --- [projectDemo] [restartedMain] c.e.projectDemo.ProjectDemoApplication   : Starting ProjectDemoApplication using Java 21.0.2 with PID 34108 (D:\Blog_Java\Sacombank\projectDemo\target\classes started by HONG PHUC in D:\Blog_Java\Sacombank\projectDemo)
2024-12-04T14:08:46.229+07:00  INFO 34108 --- [projectDemo] [restartedMain] c.e.projectDemo.ProjectDemoApplication   : No active profile set, falling back to 1 default profile: "default"
2024-12-04T14:08:46.338+07:00  INFO 34108 --- [projectDemo] [restartedMain] .e.DevToolsPropertyDefaultsPostProcessor : Devtools property defaults active! Set 'spring.devtools.add-properties' to 'false' to disable
2024-12-04T14:08:46.338+07:00  INFO 34108 --- [projectDemo] [restartedMain] .e.DevToolsPropertyDefaultsPostProcessor : For additional web related logging consider setting the 'logging.level.web' property to 'DEBUG'
2024-12-04T14:08:48.446+07:00  INFO 34108 --- [projectDemo] [restartedMain] .s.d.r.c.RepositoryConfigurationDelegate : Bootstrapping Spring Data JPA repositories in DEFAULT mode.
2024-12-04T14:08:48.572+07:00  INFO 34108 --- [projectDemo] [restartedMain] .s.d.r.c.RepositoryConfigurationDelegate : Finished Spring Data repository scanning in 107 ms. Found 3 JPA repository interfaces.
2024-12-04T14:08:50.102+07:00  INFO 34108 --- [projectDemo] [restartedMain] o.s.b.w.embedded.tomcat.TomcatWebServer  : Tomcat initialized with port 8080 (http)
2024-12-04T14:08:50.117+07:00  INFO 34108 --- [projectDemo] [restartedMain] o.apache.catalina.core.StandardService   : Starting service [Tomcat]
2024-12-04T14:08:50.117+07:00  INFO 34108 --- [projectDemo] [restartedMain] o.apache.catalina.core.StandardEngine    : Starting Servlet engine: [Apache Tomcat/10.1.30]
2024-12-04T14:08:50.211+07:00  INFO 34108 --- [projectDemo] [restartedMain] o.a.c.c.C.[Tomcat].[localhost].[/]       : Initializing Spring embedded WebApplicationContext
2024-12-04T14:08:50.211+07:00  INFO 34108 --- [projectDemo] [restartedMain] w.s.c.ServletWebServerApplicationContext : Root WebApplicationContext: initialization completed in 3841 ms
2024-12-04T14:08:50.447+07:00  INFO 34108 --- [projectDemo] [restartedMain] com.zaxxer.hikari.HikariDataSource       : HikariPool-1 - Starting...
2024-12-04T14:08:50.761+07:00  INFO 34108 --- [projectDemo] [restartedMain] com.zaxxer.hikari.pool.HikariPool        : HikariPool-1 - Added connection org.postgresql.jdbc.PgConnection@2d965023
2024-12-04T14:08:50.761+07:00  INFO 34108 --- [projectDemo] [restartedMain] com.zaxxer.hikari.HikariDataSource       : HikariPool-1 - Start completed.
2024-12-04T14:08:51.002+07:00  INFO 34108 --- [projectDemo] [restartedMain] o.hibernate.jpa.internal.util.LogHelper  : HHH000204: Processing PersistenceUnitInfo [name: default]
2024-12-04T14:08:51.139+07:00  INFO 34108 --- [projectDemo] [restartedMain] org.hibernate.Version                    : HHH000412: Hibernate ORM core version 6.6.1.Final
2024-12-04T14:08:51.217+07:00  INFO 34108 --- [projectDemo] [restartedMain] o.h.c.internal.RegionFactoryInitiator    : HHH000026: Second-level cache disabled
2024-12-04T14:08:51.872+07:00  INFO 34108 --- [projectDemo] [restartedMain] o.s.o.j.p.SpringPersistenceUnitInfo      : No LoadTimeWeaver setup: ignoring JPA class transformer
2024-12-04T14:08:51.966+07:00  WARN 34108 --- [projectDemo] [restartedMain] org.hibernate.orm.deprecation            : HHH90000025: PostgreSQLDialect does not need to be specified explicitly using 'hibernate.dialect' (remove the property setting and it will be selected by default)
2024-12-04T14:08:51.997+07:00  INFO 34108 --- [projectDemo] [restartedMain] org.hibernate.orm.connections.pooling    : HHH10001005: Database info:
	Database JDBC URL [Connecting through datasource 'HikariDataSource (HikariPool-1)']
	Database driver: undefined/unknown
	Database version: 16.2
	Autocommit mode: undefined/unknown
	Isolation level: undefined/unknown
	Minimum pool size: undefined/unknown
	Maximum pool size: undefined/unknown
2024-12-04T14:08:53.316+07:00  INFO 34108 --- [projectDemo] [restartedMain] o.h.e.t.j.p.i.JtaPlatformInitiator       : HHH000489: No JTA platform available (set 'hibernate.transaction.jta.platform' to enable JTA platform integration)
2024-12-04T14:08:53.504+07:00  INFO 34108 --- [projectDemo] [restartedMain] j.LocalContainerEntityManagerFactoryBean : Initialized JPA EntityManagerFactory for persistence unit 'default'
2024-12-04T14:08:54.494+07:00  INFO 34108 --- [projectDemo] [restartedMain] o.s.d.j.r.query.QueryEnhancerFactory     : Hibernate is in classpath; If applicable, HQL parser will be used.
2024-12-04T14:08:55.944+07:00  WARN 34108 --- [projectDemo] [restartedMain] JpaBaseConfiguration$JpaWebConfiguration : spring.jpa.open-in-view is enabled by default. Therefore, database queries may be performed during view rendering. Explicitly configure spring.jpa.open-in-view to disable this warning
2024-12-04T14:08:56.023+07:00  INFO 34108 --- [projectDemo] [restartedMain] eAuthenticationProviderManagerConfigurer : Global AuthenticationManager configured with AuthenticationProvider bean with name authProvider
2024-12-04T14:08:56.023+07:00  WARN 34108 --- [projectDemo] [restartedMain] r$InitializeUserDetailsManagerConfigurer : Global AuthenticationManager configured with an AuthenticationProvider bean. UserDetailsService beans will not be used by Spring Security for automatically configuring username/password login. Consider removing the AuthenticationProvider bean. Alternatively, consider using the UserDetailsService in a manually instantiated DaoAuthenticationProvider. If the current configuration is intentional, to turn off this warning, increase the logging level of 'org.springframework.security.config.annotation.authentication.configuration.InitializeUserDetailsBeanManagerConfigurer' to ERROR
2024-12-04T14:08:56.337+07:00  INFO 34108 --- [projectDemo] [restartedMain] o.s.b.a.w.s.WelcomePageHandlerMapping    : Adding welcome page template: index
2024-12-04T14:08:58.159+07:00  INFO 34108 --- [projectDemo] [restartedMain] o.s.b.d.a.OptionalLiveReloadServer       : LiveReload server is running on port 35729
2024-12-04T14:08:58.288+07:00  INFO 34108 --- [projectDemo] [restartedMain] o.s.b.w.embedded.tomcat.TomcatWebServer  : Tomcat started on port 8080 (http) with context path '/'
2024-12-04T14:08:58.644+07:00  INFO 34108 --- [projectDemo] [restartedMain] c.e.projectDemo.ProjectDemoApplication   : Started ProjectDemoApplication in 13.719 seconds (process running for 14.962)
2024-12-04T14:10:36.367+07:00  INFO 34108 --- [projectDemo] [SpringApplicationShutdownHook] o.s.b.w.e.tomcat.GracefulShutdown        : Commencing graceful shutdown. Waiting for active requests to complete
2024-12-04T14:10:36.375+07:00  INFO 34108 --- [projectDemo] [tomcat-shutdown] o.s.b.w.e.tomcat.GracefulShutdown        : Graceful shutdown complete
2024-12-04T14:10:36.387+07:00  INFO 34108 --- [projectDemo] [SpringApplicationShutdownHook] j.LocalContainerEntityManagerFactoryBean : Closing JPA EntityManagerFactory for persistence unit 'default'
2024-12-04T14:10:36.392+07:00  INFO 34108 --- [projectDemo] [SpringApplicationShutdownHook] com.zaxxer.hikari.HikariDataSource       : HikariPool-1 - Shutdown initiated...
2024-12-04T14:10:36.398+07:00  INFO 34108 --- [projectDemo] [SpringApplicationShutdownHook] com.zaxxer.hikari.HikariDataSource       : HikariPool-1 - Shutdown completed.
2024-12-04T14:24:30.058+07:00  INFO 24580 --- [projectDemo] [restartedMain] c.e.projectDemo.ProjectDemoApplication   : Starting ProjectDemoApplication using Java 21.0.2 with PID 24580 (D:\Blog_Java\Sacombank\projectDemo\target\classes started by HONG PHUC in D:\Blog_Java\Sacombank\projectDemo)
2024-12-04T14:24:30.062+07:00  INFO 24580 --- [projectDemo] [restartedMain] c.e.projectDemo.ProjectDemoApplication   : No active profile set, falling back to 1 default profile: "default"
2024-12-04T14:24:30.179+07:00  INFO 24580 --- [projectDemo] [restartedMain] .e.DevToolsPropertyDefaultsPostProcessor : Devtools property defaults active! Set 'spring.devtools.add-properties' to 'false' to disable
2024-12-04T14:24:30.180+07:00  INFO 24580 --- [projectDemo] [restartedMain] .e.DevToolsPropertyDefaultsPostProcessor : For additional web related logging consider setting the 'logging.level.web' property to 'DEBUG'
2024-12-04T14:24:31.640+07:00  INFO 24580 --- [projectDemo] [restartedMain] .s.d.r.c.RepositoryConfigurationDelegate : Bootstrapping Spring Data JPA repositories in DEFAULT mode.
2024-12-04T14:24:31.755+07:00  INFO 24580 --- [projectDemo] [restartedMain] .s.d.r.c.RepositoryConfigurationDelegate : Finished Spring Data repository scanning in 101 ms. Found 3 JPA repository interfaces.
2024-12-04T14:24:33.223+07:00  INFO 24580 --- [projectDemo] [restartedMain] o.s.b.w.embedded.tomcat.TomcatWebServer  : Tomcat initialized with port 8080 (http)
2024-12-04T14:24:33.248+07:00  INFO 24580 --- [projectDemo] [restartedMain] o.apache.catalina.core.StandardService   : Starting service [Tomcat]
2024-12-04T14:24:33.249+07:00  INFO 24580 --- [projectDemo] [restartedMain] o.apache.catalina.core.StandardEngine    : Starting Servlet engine: [Apache Tomcat/10.1.30]
2024-12-04T14:24:33.333+07:00  INFO 24580 --- [projectDemo] [restartedMain] o.a.c.c.C.[Tomcat].[localhost].[/]       : Initializing Spring embedded WebApplicationContext
2024-12-04T14:24:33.334+07:00  INFO 24580 --- [projectDemo] [restartedMain] w.s.c.ServletWebServerApplicationContext : Root WebApplicationContext: initialization completed in 3153 ms
2024-12-04T14:24:33.578+07:00  INFO 24580 --- [projectDemo] [restartedMain] com.zaxxer.hikari.HikariDataSource       : HikariPool-1 - Starting...
2024-12-04T14:24:33.923+07:00  INFO 24580 --- [projectDemo] [restartedMain] com.zaxxer.hikari.pool.HikariPool        : HikariPool-1 - Added connection org.postgresql.jdbc.PgConnection@67dd5d5b
2024-12-04T14:24:33.926+07:00  INFO 24580 --- [projectDemo] [restartedMain] com.zaxxer.hikari.HikariDataSource       : HikariPool-1 - Start completed.
2024-12-04T14:24:34.187+07:00  INFO 24580 --- [projectDemo] [restartedMain] o.hibernate.jpa.internal.util.LogHelper  : HHH000204: Processing PersistenceUnitInfo [name: default]
2024-12-04T14:24:34.328+07:00  INFO 24580 --- [projectDemo] [restartedMain] org.hibernate.Version                    : HHH000412: Hibernate ORM core version 6.6.1.Final
2024-12-04T14:24:34.425+07:00  INFO 24580 --- [projectDemo] [restartedMain] o.h.c.internal.RegionFactoryInitiator    : HHH000026: Second-level cache disabled
2024-12-04T14:24:35.199+07:00  INFO 24580 --- [projectDemo] [restartedMain] o.s.o.j.p.SpringPersistenceUnitInfo      : No LoadTimeWeaver setup: ignoring JPA class transformer
2024-12-04T14:24:35.330+07:00  WARN 24580 --- [projectDemo] [restartedMain] org.hibernate.orm.deprecation            : HHH90000025: PostgreSQLDialect does not need to be specified explicitly using 'hibernate.dialect' (remove the property setting and it will be selected by default)
2024-12-04T14:24:35.358+07:00  INFO 24580 --- [projectDemo] [restartedMain] org.hibernate.orm.connections.pooling    : HHH10001005: Database info:
	Database JDBC URL [Connecting through datasource 'HikariDataSource (HikariPool-1)']
	Database driver: undefined/unknown
	Database version: 16.2
	Autocommit mode: undefined/unknown
	Isolation level: undefined/unknown
	Minimum pool size: undefined/unknown
	Maximum pool size: undefined/unknown
2024-12-04T14:24:36.809+07:00  INFO 24580 --- [projectDemo] [restartedMain] o.h.e.t.j.p.i.JtaPlatformInitiator       : HHH000489: No JTA platform available (set 'hibernate.transaction.jta.platform' to enable JTA platform integration)
2024-12-04T14:24:36.934+07:00  INFO 24580 --- [projectDemo] [restartedMain] j.LocalContainerEntityManagerFactoryBean : Initialized JPA EntityManagerFactory for persistence unit 'default'
2024-12-04T14:24:37.629+07:00  INFO 24580 --- [projectDemo] [restartedMain] o.s.d.j.r.query.QueryEnhancerFactory     : Hibernate is in classpath; If applicable, HQL parser will be used.
2024-12-04T14:24:39.042+07:00  WARN 24580 --- [projectDemo] [restartedMain] JpaBaseConfiguration$JpaWebConfiguration : spring.jpa.open-in-view is enabled by default. Therefore, database queries may be performed during view rendering. Explicitly configure spring.jpa.open-in-view to disable this warning
2024-12-04T14:24:39.105+07:00  INFO 24580 --- [projectDemo] [restartedMain] eAuthenticationProviderManagerConfigurer : Global AuthenticationManager configured with AuthenticationProvider bean with name authProvider
2024-12-04T14:24:39.107+07:00  WARN 24580 --- [projectDemo] [restartedMain] r$InitializeUserDetailsManagerConfigurer : Global AuthenticationManager configured with an AuthenticationProvider bean. UserDetailsService beans will not be used by Spring Security for automatically configuring username/password login. Consider removing the AuthenticationProvider bean. Alternatively, consider using the UserDetailsService in a manually instantiated DaoAuthenticationProvider. If the current configuration is intentional, to turn off this warning, increase the logging level of 'org.springframework.security.config.annotation.authentication.configuration.InitializeUserDetailsBeanManagerConfigurer' to ERROR
2024-12-04T14:24:39.269+07:00  INFO 24580 --- [projectDemo] [restartedMain] o.s.b.a.w.s.WelcomePageHandlerMapping    : Adding welcome page template: index
2024-12-04T14:24:40.753+07:00  INFO 24580 --- [projectDemo] [restartedMain] o.s.b.d.a.OptionalLiveReloadServer       : LiveReload server is running on port 35729
2024-12-04T14:24:40.823+07:00  INFO 24580 --- [projectDemo] [restartedMain] o.s.b.w.embedded.tomcat.TomcatWebServer  : Tomcat started on port 8080 (http) with context path '/'
2024-12-04T14:24:41.047+07:00  INFO 24580 --- [projectDemo] [restartedMain] c.e.projectDemo.ProjectDemoApplication   : Started ProjectDemoApplication in 11.945 seconds (process running for 13.062)
2024-12-04T14:25:31.197+07:00  INFO 24580 --- [projectDemo] [SpringApplicationShutdownHook] o.s.b.w.e.tomcat.GracefulShutdown        : Commencing graceful shutdown. Waiting for active requests to complete
2024-12-04T14:25:31.206+07:00  INFO 24580 --- [projectDemo] [tomcat-shutdown] o.s.b.w.e.tomcat.GracefulShutdown        : Graceful shutdown complete
2024-12-04T14:25:31.217+07:00  INFO 24580 --- [projectDemo] [SpringApplicationShutdownHook] j.LocalContainerEntityManagerFactoryBean : Closing JPA EntityManagerFactory for persistence unit 'default'
2024-12-04T14:25:31.220+07:00  INFO 24580 --- [projectDemo] [SpringApplicationShutdownHook] com.zaxxer.hikari.HikariDataSource       : HikariPool-1 - Shutdown initiated...
2024-12-04T14:25:31.226+07:00  INFO 24580 --- [projectDemo] [SpringApplicationShutdownHook] com.zaxxer.hikari.HikariDataSource       : HikariPool-1 - Shutdown completed.
2024-12-04T14:25:35.894+07:00  INFO 7156 --- [projectDemo] [restartedMain] c.e.projectDemo.ProjectDemoApplication   : Starting ProjectDemoApplication using Java 21.0.2 with PID 7156 (D:\Blog_Java\Sacombank\projectDemo\target\classes started by HONG PHUC in D:\Blog_Java\Sacombank\projectDemo)
2024-12-04T14:25:35.900+07:00  INFO 7156 --- [projectDemo] [restartedMain] c.e.projectDemo.ProjectDemoApplication   : No active profile set, falling back to 1 default profile: "default"
2024-12-04T14:25:36.024+07:00  INFO 7156 --- [projectDemo] [restartedMain] .e.DevToolsPropertyDefaultsPostProcessor : Devtools property defaults active! Set 'spring.devtools.add-properties' to 'false' to disable
2024-12-04T14:25:36.025+07:00  INFO 7156 --- [projectDemo] [restartedMain] .e.DevToolsPropertyDefaultsPostProcessor : For additional web related logging consider setting the 'logging.level.web' property to 'DEBUG'
2024-12-04T14:25:37.492+07:00  INFO 7156 --- [projectDemo] [restartedMain] .s.d.r.c.RepositoryConfigurationDelegate : Bootstrapping Spring Data JPA repositories in DEFAULT mode.
2024-12-04T14:25:37.607+07:00  INFO 7156 --- [projectDemo] [restartedMain] .s.d.r.c.RepositoryConfigurationDelegate : Finished Spring Data repository scanning in 101 ms. Found 3 JPA repository interfaces.
2024-12-04T14:25:39.131+07:00  INFO 7156 --- [projectDemo] [restartedMain] o.s.b.w.embedded.tomcat.TomcatWebServer  : Tomcat initialized with port 8080 (http)
2024-12-04T14:25:39.159+07:00  INFO 7156 --- [projectDemo] [restartedMain] o.apache.catalina.core.StandardService   : Starting service [Tomcat]
2024-12-04T14:25:39.172+07:00  INFO 7156 --- [projectDemo] [restartedMain] o.apache.catalina.core.StandardEngine    : Starting Servlet engine: [Apache Tomcat/10.1.30]
2024-12-04T14:25:39.294+07:00  INFO 7156 --- [projectDemo] [restartedMain] o.a.c.c.C.[Tomcat].[localhost].[/]       : Initializing Spring embedded WebApplicationContext
2024-12-04T14:25:39.294+07:00  INFO 7156 --- [projectDemo] [restartedMain] w.s.c.ServletWebServerApplicationContext : Root WebApplicationContext: initialization completed in 3267 ms
2024-12-04T14:25:39.551+07:00  INFO 7156 --- [projectDemo] [restartedMain] com.zaxxer.hikari.HikariDataSource       : HikariPool-1 - Starting...
2024-12-04T14:25:39.924+07:00  INFO 7156 --- [projectDemo] [restartedMain] com.zaxxer.hikari.pool.HikariPool        : HikariPool-1 - Added connection org.postgresql.jdbc.PgConnection@17caace4
2024-12-04T14:25:39.928+07:00  INFO 7156 --- [projectDemo] [restartedMain] com.zaxxer.hikari.HikariDataSource       : HikariPool-1 - Start completed.
2024-12-04T14:25:40.193+07:00  INFO 7156 --- [projectDemo] [restartedMain] o.hibernate.jpa.internal.util.LogHelper  : HHH000204: Processing PersistenceUnitInfo [name: default]
2024-12-04T14:25:40.332+07:00  INFO 7156 --- [projectDemo] [restartedMain] org.hibernate.Version                    : HHH000412: Hibernate ORM core version 6.6.1.Final
2024-12-04T14:25:40.422+07:00  INFO 7156 --- [projectDemo] [restartedMain] o.h.c.internal.RegionFactoryInitiator    : HHH000026: Second-level cache disabled
2024-12-04T14:25:41.230+07:00  INFO 7156 --- [projectDemo] [restartedMain] o.s.o.j.p.SpringPersistenceUnitInfo      : No LoadTimeWeaver setup: ignoring JPA class transformer
2024-12-04T14:25:41.352+07:00  WARN 7156 --- [projectDemo] [restartedMain] org.hibernate.orm.deprecation            : HHH90000025: PostgreSQLDialect does not need to be specified explicitly using 'hibernate.dialect' (remove the property setting and it will be selected by default)
2024-12-04T14:25:41.379+07:00  INFO 7156 --- [projectDemo] [restartedMain] org.hibernate.orm.connections.pooling    : HHH10001005: Database info:
	Database JDBC URL [Connecting through datasource 'HikariDataSource (HikariPool-1)']
	Database driver: undefined/unknown
	Database version: 16.2
	Autocommit mode: undefined/unknown
	Isolation level: undefined/unknown
	Minimum pool size: undefined/unknown
	Maximum pool size: undefined/unknown
2024-12-04T14:25:42.754+07:00  INFO 7156 --- [projectDemo] [restartedMain] o.h.e.t.j.p.i.JtaPlatformInitiator       : HHH000489: No JTA platform available (set 'hibernate.transaction.jta.platform' to enable JTA platform integration)
2024-12-04T14:25:42.873+07:00  INFO 7156 --- [projectDemo] [restartedMain] j.LocalContainerEntityManagerFactoryBean : Initialized JPA EntityManagerFactory for persistence unit 'default'
2024-12-04T14:25:43.690+07:00  INFO 7156 --- [projectDemo] [restartedMain] o.s.d.j.r.query.QueryEnhancerFactory     : Hibernate is in classpath; If applicable, HQL parser will be used.
2024-12-04T14:25:45.075+07:00  WARN 7156 --- [projectDemo] [restartedMain] JpaBaseConfiguration$JpaWebConfiguration : spring.jpa.open-in-view is enabled by default. Therefore, database queries may be performed during view rendering. Explicitly configure spring.jpa.open-in-view to disable this warning
2024-12-04T14:25:45.132+07:00  INFO 7156 --- [projectDemo] [restartedMain] eAuthenticationProviderManagerConfigurer : Global AuthenticationManager configured with AuthenticationProvider bean with name authProvider
2024-12-04T14:25:45.134+07:00  WARN 7156 --- [projectDemo] [restartedMain] r$InitializeUserDetailsManagerConfigurer : Global AuthenticationManager configured with an AuthenticationProvider bean. UserDetailsService beans will not be used by Spring Security for automatically configuring username/password login. Consider removing the AuthenticationProvider bean. Alternatively, consider using the UserDetailsService in a manually instantiated DaoAuthenticationProvider. If the current configuration is intentional, to turn off this warning, increase the logging level of 'org.springframework.security.config.annotation.authentication.configuration.InitializeUserDetailsBeanManagerConfigurer' to ERROR
2024-12-04T14:25:45.268+07:00  INFO 7156 --- [projectDemo] [restartedMain] o.s.b.a.w.s.WelcomePageHandlerMapping    : Adding welcome page template: index
2024-12-04T14:25:46.704+07:00  INFO 7156 --- [projectDemo] [restartedMain] o.s.b.d.a.OptionalLiveReloadServer       : LiveReload server is running on port 35729
2024-12-04T14:25:46.784+07:00  INFO 7156 --- [projectDemo] [restartedMain] o.s.b.w.embedded.tomcat.TomcatWebServer  : Tomcat started on port 8080 (http) with context path '/'
2024-12-04T14:25:47.055+07:00  INFO 7156 --- [projectDemo] [restartedMain] c.e.projectDemo.ProjectDemoApplication   : Started ProjectDemoApplication in 12.062 seconds (process running for 13.135)
2024-12-04T14:27:03.452+07:00  INFO 7156 --- [projectDemo] [SpringApplicationShutdownHook] o.s.b.w.e.tomcat.GracefulShutdown        : Commencing graceful shutdown. Waiting for active requests to complete
2024-12-04T14:27:03.460+07:00  INFO 7156 --- [projectDemo] [tomcat-shutdown] o.s.b.w.e.tomcat.GracefulShutdown        : Graceful shutdown complete
2024-12-04T14:27:03.471+07:00  INFO 7156 --- [projectDemo] [SpringApplicationShutdownHook] j.LocalContainerEntityManagerFactoryBean : Closing JPA EntityManagerFactory for persistence unit 'default'
2024-12-04T14:27:03.475+07:00  INFO 7156 --- [projectDemo] [SpringApplicationShutdownHook] com.zaxxer.hikari.HikariDataSource       : HikariPool-1 - Shutdown initiated...
2024-12-04T14:27:03.484+07:00  INFO 7156 --- [projectDemo] [SpringApplicationShutdownHook] com.zaxxer.hikari.HikariDataSource       : HikariPool-1 - Shutdown completed.
2024-12-04T14:29:47.972+07:00  INFO 1544 --- [projectDemo] [restartedMain] c.e.projectDemo.ProjectDemoApplication   : Starting ProjectDemoApplication using Java 21.0.2 with PID 1544 (D:\Blog_Java\Sacombank\projectDemo\target\classes started by HONG PHUC in D:\Blog_Java\Sacombank\projectDemo)
2024-12-04T14:29:47.977+07:00  INFO 1544 --- [projectDemo] [restartedMain] c.e.projectDemo.ProjectDemoApplication   : No active profile set, falling back to 1 default profile: "default"
2024-12-04T14:29:48.101+07:00  INFO 1544 --- [projectDemo] [restartedMain] .e.DevToolsPropertyDefaultsPostProcessor : Devtools property defaults active! Set 'spring.devtools.add-properties' to 'false' to disable
2024-12-04T14:29:48.101+07:00  INFO 1544 --- [projectDemo] [restartedMain] .e.DevToolsPropertyDefaultsPostProcessor : For additional web related logging consider setting the 'logging.level.web' property to 'DEBUG'
2024-12-04T14:29:50.037+07:00  INFO 1544 --- [projectDemo] [restartedMain] .s.d.r.c.RepositoryConfigurationDelegate : Bootstrapping Spring Data JPA repositories in DEFAULT mode.
2024-12-04T14:29:50.208+07:00  INFO 1544 --- [projectDemo] [restartedMain] .s.d.r.c.RepositoryConfigurationDelegate : Finished Spring Data repository scanning in 153 ms. Found 3 JPA repository interfaces.
2024-12-04T14:29:51.915+07:00  INFO 1544 --- [projectDemo] [restartedMain] o.s.b.w.embedded.tomcat.TomcatWebServer  : Tomcat initialized with port 8080 (http)
2024-12-04T14:29:52.053+07:00  INFO 1544 --- [projectDemo] [restartedMain] w.s.c.ServletWebServerApplicationContext : Root WebApplicationContext: initialization completed in 3951 ms
2024-12-04T14:29:52.326+07:00  INFO 1544 --- [projectDemo] [restartedMain] com.zaxxer.hikari.HikariDataSource       : HikariPool-1 - Starting...
2024-12-04T14:29:52.703+07:00  INFO 1544 --- [projectDemo] [restartedMain] com.zaxxer.hikari.pool.HikariPool        : HikariPool-1 - Added connection org.postgresql.jdbc.PgConnection@65ce9c50
2024-12-04T14:29:52.705+07:00  INFO 1544 --- [projectDemo] [restartedMain] com.zaxxer.hikari.HikariDataSource       : HikariPool-1 - Start completed.
2024-12-04T14:29:53.011+07:00  INFO 1544 --- [projectDemo] [restartedMain] o.hibernate.jpa.internal.util.LogHelper  : HHH000204: Processing PersistenceUnitInfo [name: default]
2024-12-04T14:29:58.923+07:00  INFO 38420 --- [projectDemo] [restartedMain] c.e.projectDemo.ProjectDemoApplication   : Starting ProjectDemoApplication using Java 21.0.2 with PID 38420 (D:\Blog_Java\Sacombank\projectDemo\target\classes started by HONG PHUC in D:\Blog_Java\Sacombank\projectDemo)
2024-12-04T14:29:58.928+07:00  INFO 38420 --- [projectDemo] [restartedMain] c.e.projectDemo.ProjectDemoApplication   : No active profile set, falling back to 1 default profile: "default"
2024-12-04T14:29:59.058+07:00  INFO 38420 --- [projectDemo] [restartedMain] .e.DevToolsPropertyDefaultsPostProcessor : Devtools property defaults active! Set 'spring.devtools.add-properties' to 'false' to disable
2024-12-04T14:29:59.059+07:00  INFO 38420 --- [projectDemo] [restartedMain] .e.DevToolsPropertyDefaultsPostProcessor : For additional web related logging consider setting the 'logging.level.web' property to 'DEBUG'
2024-12-04T14:30:00.574+07:00  INFO 38420 --- [projectDemo] [restartedMain] .s.d.r.c.RepositoryConfigurationDelegate : Bootstrapping Spring Data JPA repositories in DEFAULT mode.
2024-12-04T14:30:00.690+07:00  INFO 38420 --- [projectDemo] [restartedMain] .s.d.r.c.RepositoryConfigurationDelegate : Finished Spring Data repository scanning in 100 ms. Found 3 JPA repository interfaces.
2024-12-04T14:30:02.237+07:00  INFO 38420 --- [projectDemo] [restartedMain] o.s.b.w.embedded.tomcat.TomcatWebServer  : Tomcat initialized with port 8080 (http)
2024-12-04T14:30:02.261+07:00  INFO 38420 --- [projectDemo] [restartedMain] o.apache.catalina.core.StandardService   : Starting service [Tomcat]
2024-12-04T14:30:02.262+07:00  INFO 38420 --- [projectDemo] [restartedMain] o.apache.catalina.core.StandardEngine    : Starting Servlet engine: [Apache Tomcat/10.1.30]
2024-12-04T14:30:02.357+07:00  INFO 38420 --- [projectDemo] [restartedMain] o.a.c.c.C.[Tomcat].[localhost].[/]       : Initializing Spring embedded WebApplicationContext
2024-12-04T14:30:02.358+07:00  INFO 38420 --- [projectDemo] [restartedMain] w.s.c.ServletWebServerApplicationContext : Root WebApplicationContext: initialization completed in 3297 ms
2024-12-04T14:30:02.614+07:00  INFO 38420 --- [projectDemo] [restartedMain] com.zaxxer.hikari.HikariDataSource       : HikariPool-1 - Starting...
2024-12-04T14:30:03.035+07:00  INFO 38420 --- [projectDemo] [restartedMain] com.zaxxer.hikari.pool.HikariPool        : HikariPool-1 - Added connection org.postgresql.jdbc.PgConnection@623d382a
2024-12-04T14:30:03.039+07:00  INFO 38420 --- [projectDemo] [restartedMain] com.zaxxer.hikari.HikariDataSource       : HikariPool-1 - Start completed.
2024-12-04T14:30:03.305+07:00  INFO 38420 --- [projectDemo] [restartedMain] o.hibernate.jpa.internal.util.LogHelper  : HHH000204: Processing PersistenceUnitInfo [name: default]
2024-12-04T14:30:03.481+07:00  INFO 38420 --- [projectDemo] [restartedMain] org.hibernate.Version                    : HHH000412: Hibernate ORM core version 6.6.1.Final
2024-12-04T14:30:03.587+07:00  INFO 38420 --- [projectDemo] [restartedMain] o.h.c.internal.RegionFactoryInitiator    : HHH000026: Second-level cache disabled
2024-12-04T14:30:04.437+07:00  INFO 38420 --- [projectDemo] [restartedMain] o.s.o.j.p.SpringPersistenceUnitInfo      : No LoadTimeWeaver setup: ignoring JPA class transformer
2024-12-04T14:30:04.567+07:00  WARN 38420 --- [projectDemo] [restartedMain] org.hibernate.orm.deprecation            : HHH90000025: PostgreSQLDialect does not need to be specified explicitly using 'hibernate.dialect' (remove the property setting and it will be selected by default)
2024-12-04T14:30:04.593+07:00  INFO 38420 --- [projectDemo] [restartedMain] org.hibernate.orm.connections.pooling    : HHH10001005: Database info:
	Database JDBC URL [Connecting through datasource 'HikariDataSource (HikariPool-1)']
	Database driver: undefined/unknown
	Database version: 16.2
	Autocommit mode: undefined/unknown
	Isolation level: undefined/unknown
	Minimum pool size: undefined/unknown
	Maximum pool size: undefined/unknown
2024-12-04T14:30:06.373+07:00  INFO 38420 --- [projectDemo] [restartedMain] o.h.e.t.j.p.i.JtaPlatformInitiator       : HHH000489: No JTA platform available (set 'hibernate.transaction.jta.platform' to enable JTA platform integration)
2024-12-04T14:30:06.505+07:00  INFO 38420 --- [projectDemo] [restartedMain] j.LocalContainerEntityManagerFactoryBean : Initialized JPA EntityManagerFactory for persistence unit 'default'
2024-12-04T14:30:07.312+07:00  INFO 38420 --- [projectDemo] [restartedMain] o.s.d.j.r.query.QueryEnhancerFactory     : Hibernate is in classpath; If applicable, HQL parser will be used.
2024-12-04T14:30:08.596+07:00  WARN 38420 --- [projectDemo] [restartedMain] JpaBaseConfiguration$JpaWebConfiguration : spring.jpa.open-in-view is enabled by default. Therefore, database queries may be performed during view rendering. Explicitly configure spring.jpa.open-in-view to disable this warning
2024-12-04T14:30:08.645+07:00  INFO 38420 --- [projectDemo] [restartedMain] eAuthenticationProviderManagerConfigurer : Global AuthenticationManager configured with AuthenticationProvider bean with name authProvider
2024-12-04T14:30:08.646+07:00  WARN 38420 --- [projectDemo] [restartedMain] r$InitializeUserDetailsManagerConfigurer : Global AuthenticationManager configured with an AuthenticationProvider bean. UserDetailsService beans will not be used by Spring Security for automatically configuring username/password login. Consider removing the AuthenticationProvider bean. Alternatively, consider using the UserDetailsService in a manually instantiated DaoAuthenticationProvider. If the current configuration is intentional, to turn off this warning, increase the logging level of 'org.springframework.security.config.annotation.authentication.configuration.InitializeUserDetailsBeanManagerConfigurer' to ERROR
2024-12-04T14:30:08.772+07:00  INFO 38420 --- [projectDemo] [restartedMain] o.s.b.a.w.s.WelcomePageHandlerMapping    : Adding welcome page template: index
2024-12-04T14:30:10.214+07:00  INFO 38420 --- [projectDemo] [restartedMain] o.s.b.d.a.OptionalLiveReloadServer       : LiveReload server is running on port 35729
2024-12-04T14:30:10.285+07:00  INFO 38420 --- [projectDemo] [restartedMain] o.s.b.w.embedded.tomcat.TomcatWebServer  : Tomcat started on port 8080 (http) with context path '/'
2024-12-04T14:30:10.563+07:00  INFO 38420 --- [projectDemo] [restartedMain] c.e.projectDemo.ProjectDemoApplication   : Started ProjectDemoApplication in 12.597 seconds (process running for 13.8)
2024-12-04T14:30:51.932+07:00  INFO 38420 --- [projectDemo] [http-nio-8080-exec-1] o.a.c.c.C.[Tomcat].[localhost].[/]       : Initializing Spring DispatcherServlet 'dispatcherServlet'
2024-12-04T14:30:51.933+07:00  INFO 38420 --- [projectDemo] [http-nio-8080-exec-1] o.s.web.servlet.DispatcherServlet        : Initializing Servlet 'dispatcherServlet'
2024-12-04T14:30:51.937+07:00  INFO 38420 --- [projectDemo] [http-nio-8080-exec-1] o.s.web.servlet.DispatcherServlet        : Completed initialization in 4 ms
2024-12-04T14:43:06.420+07:00  INFO 38420 --- [projectDemo] [SpringApplicationShutdownHook] o.s.b.w.e.tomcat.GracefulShutdown        : Commencing graceful shutdown. Waiting for active requests to complete
2024-12-04T14:43:06.434+07:00  INFO 38420 --- [projectDemo] [tomcat-shutdown] o.s.b.w.e.tomcat.GracefulShutdown        : Graceful shutdown complete
2024-12-04T14:43:06.459+07:00  INFO 38420 --- [projectDemo] [SpringApplicationShutdownHook] j.LocalContainerEntityManagerFactoryBean : Closing JPA EntityManagerFactory for persistence unit 'default'
2024-12-04T14:43:06.469+07:00  INFO 38420 --- [projectDemo] [SpringApplicationShutdownHook] com.zaxxer.hikari.HikariDataSource       : HikariPool-1 - Shutdown initiated...
2024-12-04T14:43:06.481+07:00  INFO 38420 --- [projectDemo] [SpringApplicationShutdownHook] com.zaxxer.hikari.HikariDataSource       : HikariPool-1 - Shutdown completed.
2024-12-04T15:08:10.543+07:00  INFO 30932 --- [projectDemo] [restartedMain] c.e.projectDemo.ProjectDemoApplication   : Starting ProjectDemoApplication using Java 21.0.2 with PID 30932 (D:\Blog_Java\Sacombank\projectDemo\target\classes started by HONG PHUC in D:\Blog_Java\Sacombank\projectDemo)
2024-12-04T15:08:10.547+07:00  INFO 30932 --- [projectDemo] [restartedMain] c.e.projectDemo.ProjectDemoApplication   : No active profile set, falling back to 1 default profile: "default"
2024-12-04T15:08:10.670+07:00  INFO 30932 --- [projectDemo] [restartedMain] .e.DevToolsPropertyDefaultsPostProcessor : Devtools property defaults active! Set 'spring.devtools.add-properties' to 'false' to disable
2024-12-04T15:08:10.671+07:00  INFO 30932 --- [projectDemo] [restartedMain] .e.DevToolsPropertyDefaultsPostProcessor : For additional web related logging consider setting the 'logging.level.web' property to 'DEBUG'
2024-12-04T15:08:12.518+07:00  INFO 30932 --- [projectDemo] [restartedMain] .s.d.r.c.RepositoryConfigurationDelegate : Bootstrapping Spring Data JPA repositories in DEFAULT mode.
2024-12-04T15:08:12.651+07:00  INFO 30932 --- [projectDemo] [restartedMain] .s.d.r.c.RepositoryConfigurationDelegate : Finished Spring Data repository scanning in 117 ms. Found 3 JPA repository interfaces.
2024-12-04T15:08:14.098+07:00  INFO 30932 --- [projectDemo] [restartedMain] o.s.b.w.embedded.tomcat.TomcatWebServer  : Tomcat initialized with port 8080 (http)
2024-12-04T15:08:14.127+07:00  INFO 30932 --- [projectDemo] [restartedMain] o.apache.catalina.core.StandardService   : Starting service [Tomcat]
2024-12-04T15:08:14.128+07:00  INFO 30932 --- [projectDemo] [restartedMain] o.apache.catalina.core.StandardEngine    : Starting Servlet engine: [Apache Tomcat/10.1.30]
2024-12-04T15:08:14.234+07:00  INFO 30932 --- [projectDemo] [restartedMain] o.a.c.c.C.[Tomcat].[localhost].[/]       : Initializing Spring embedded WebApplicationContext
2024-12-04T15:08:14.235+07:00  INFO 30932 --- [projectDemo] [restartedMain] w.s.c.ServletWebServerApplicationContext : Root WebApplicationContext: initialization completed in 3564 ms
2024-12-04T15:08:14.481+07:00  INFO 30932 --- [projectDemo] [restartedMain] com.zaxxer.hikari.HikariDataSource       : HikariPool-1 - Starting...
2024-12-04T15:08:14.862+07:00  INFO 30932 --- [projectDemo] [restartedMain] com.zaxxer.hikari.pool.HikariPool        : HikariPool-1 - Added connection org.postgresql.jdbc.PgConnection@34ffea6f
2024-12-04T15:08:14.865+07:00  INFO 30932 --- [projectDemo] [restartedMain] com.zaxxer.hikari.HikariDataSource       : HikariPool-1 - Start completed.
2024-12-04T15:08:15.125+07:00  INFO 30932 --- [projectDemo] [restartedMain] o.hibernate.jpa.internal.util.LogHelper  : HHH000204: Processing PersistenceUnitInfo [name: default]
2024-12-04T15:08:15.307+07:00  INFO 30932 --- [projectDemo] [restartedMain] org.hibernate.Version                    : HHH000412: Hibernate ORM core version 6.6.1.Final
2024-12-04T15:08:15.392+07:00  INFO 30932 --- [projectDemo] [restartedMain] o.h.c.internal.RegionFactoryInitiator    : HHH000026: Second-level cache disabled
2024-12-04T15:08:16.188+07:00  INFO 30932 --- [projectDemo] [restartedMain] o.s.o.j.p.SpringPersistenceUnitInfo      : No LoadTimeWeaver setup: ignoring JPA class transformer
2024-12-04T15:08:16.291+07:00  WARN 30932 --- [projectDemo] [restartedMain] org.hibernate.orm.deprecation            : HHH90000025: PostgreSQLDialect does not need to be specified explicitly using 'hibernate.dialect' (remove the property setting and it will be selected by default)
2024-12-04T15:08:16.315+07:00  INFO 30932 --- [projectDemo] [restartedMain] org.hibernate.orm.connections.pooling    : HHH10001005: Database info:
	Database JDBC URL [Connecting through datasource 'HikariDataSource (HikariPool-1)']
	Database driver: undefined/unknown
	Database version: 16.2
	Autocommit mode: undefined/unknown
	Isolation level: undefined/unknown
	Minimum pool size: undefined/unknown
	Maximum pool size: undefined/unknown
2024-12-04T15:08:17.701+07:00  INFO 30932 --- [projectDemo] [restartedMain] o.h.e.t.j.p.i.JtaPlatformInitiator       : HHH000489: No JTA platform available (set 'hibernate.transaction.jta.platform' to enable JTA platform integration)
2024-12-04T15:08:17.867+07:00  INFO 30932 --- [projectDemo] [restartedMain] j.LocalContainerEntityManagerFactoryBean : Initialized JPA EntityManagerFactory for persistence unit 'default'
2024-12-04T15:08:18.574+07:00  INFO 30932 --- [projectDemo] [restartedMain] o.s.d.j.r.query.QueryEnhancerFactory     : Hibernate is in classpath; If applicable, HQL parser will be used.
2024-12-04T15:08:19.877+07:00  WARN 30932 --- [projectDemo] [restartedMain] JpaBaseConfiguration$JpaWebConfiguration : spring.jpa.open-in-view is enabled by default. Therefore, database queries may be performed during view rendering. Explicitly configure spring.jpa.open-in-view to disable this warning
2024-12-04T15:08:19.934+07:00  INFO 30932 --- [projectDemo] [restartedMain] eAuthenticationProviderManagerConfigurer : Global AuthenticationManager configured with AuthenticationProvider bean with name authProvider
2024-12-04T15:08:19.935+07:00  WARN 30932 --- [projectDemo] [restartedMain] r$InitializeUserDetailsManagerConfigurer : Global AuthenticationManager configured with an AuthenticationProvider bean. UserDetailsService beans will not be used by Spring Security for automatically configuring username/password login. Consider removing the AuthenticationProvider bean. Alternatively, consider using the UserDetailsService in a manually instantiated DaoAuthenticationProvider. If the current configuration is intentional, to turn off this warning, increase the logging level of 'org.springframework.security.config.annotation.authentication.configuration.InitializeUserDetailsBeanManagerConfigurer' to ERROR
2024-12-04T15:08:20.076+07:00  INFO 30932 --- [projectDemo] [restartedMain] o.s.b.a.w.s.WelcomePageHandlerMapping    : Adding welcome page template: index
2024-12-04T15:08:21.469+07:00  INFO 30932 --- [projectDemo] [restartedMain] o.s.b.d.a.OptionalLiveReloadServer       : LiveReload server is running on port 35729
2024-12-04T15:08:21.548+07:00  INFO 30932 --- [projectDemo] [restartedMain] o.s.b.w.embedded.tomcat.TomcatWebServer  : Tomcat started on port 8080 (http) with context path '/'
2024-12-04T15:08:21.817+07:00  INFO 30932 --- [projectDemo] [restartedMain] c.e.projectDemo.ProjectDemoApplication   : Started ProjectDemoApplication in 12.164 seconds (process running for 13.225)
2024-12-04T15:11:38.326+07:00  INFO 30932 --- [projectDemo] [http-nio-8080-exec-1] o.a.c.c.C.[Tomcat].[localhost].[/]       : Initializing Spring DispatcherServlet 'dispatcherServlet'
2024-12-04T15:11:38.327+07:00  INFO 30932 --- [projectDemo] [http-nio-8080-exec-1] o.s.web.servlet.DispatcherServlet        : Initializing Servlet 'dispatcherServlet'
2024-12-04T15:11:38.329+07:00  INFO 30932 --- [projectDemo] [http-nio-8080-exec-1] o.s.web.servlet.DispatcherServlet        : Completed initialization in 2 ms
2024-12-04T15:12:14.492+07:00  INFO 30932 --- [projectDemo] [SpringApplicationShutdownHook] o.s.b.w.e.tomcat.GracefulShutdown        : Commencing graceful shutdown. Waiting for active requests to complete
2024-12-04T15:12:14.505+07:00  INFO 30932 --- [projectDemo] [tomcat-shutdown] o.s.b.w.e.tomcat.GracefulShutdown        : Graceful shutdown complete
2024-12-04T15:12:14.525+07:00  INFO 30932 --- [projectDemo] [SpringApplicationShutdownHook] j.LocalContainerEntityManagerFactoryBean : Closing JPA EntityManagerFactory for persistence unit 'default'
2024-12-04T15:12:14.534+07:00  INFO 30932 --- [projectDemo] [SpringApplicationShutdownHook] com.zaxxer.hikari.HikariDataSource       : HikariPool-1 - Shutdown initiated...
2024-12-04T15:12:14.545+07:00  INFO 30932 --- [projectDemo] [SpringApplicationShutdownHook] com.zaxxer.hikari.HikariDataSource       : HikariPool-1 - Shutdown completed.
2024-12-04T15:12:22.756+07:00  INFO 38356 --- [projectDemo] [restartedMain] c.e.projectDemo.ProjectDemoApplication   : Starting ProjectDemoApplication using Java 21.0.2 with PID 38356 (D:\Blog_Java\Sacombank\projectDemo\target\classes started by HONG PHUC in D:\Blog_Java\Sacombank\projectDemo)
2024-12-04T15:12:22.761+07:00  INFO 38356 --- [projectDemo] [restartedMain] c.e.projectDemo.ProjectDemoApplication   : No active profile set, falling back to 1 default profile: "default"
2024-12-04T15:12:22.880+07:00  INFO 38356 --- [projectDemo] [restartedMain] .e.DevToolsPropertyDefaultsPostProcessor : Devtools property defaults active! Set 'spring.devtools.add-properties' to 'false' to disable
2024-12-04T15:12:22.880+07:00  INFO 38356 --- [projectDemo] [restartedMain] .e.DevToolsPropertyDefaultsPostProcessor : For additional web related logging consider setting the 'logging.level.web' property to 'DEBUG'
2024-12-04T15:12:24.374+07:00  INFO 38356 --- [projectDemo] [restartedMain] .s.d.r.c.RepositoryConfigurationDelegate : Bootstrapping Spring Data JPA repositories in DEFAULT mode.
2024-12-04T15:12:24.519+07:00  INFO 38356 --- [projectDemo] [restartedMain] .s.d.r.c.RepositoryConfigurationDelegate : Finished Spring Data repository scanning in 128 ms. Found 3 JPA repository interfaces.
2024-12-04T15:12:26.165+07:00  INFO 38356 --- [projectDemo] [restartedMain] o.s.b.w.embedded.tomcat.TomcatWebServer  : Tomcat initialized with port 8080 (http)
2024-12-04T15:12:26.192+07:00  INFO 38356 --- [projectDemo] [restartedMain] o.apache.catalina.core.StandardService   : Starting service [Tomcat]
2024-12-04T15:12:26.192+07:00  INFO 38356 --- [projectDemo] [restartedMain] o.apache.catalina.core.StandardEngine    : Starting Servlet engine: [Apache Tomcat/10.1.30]
2024-12-04T15:12:26.293+07:00  INFO 38356 --- [projectDemo] [restartedMain] o.a.c.c.C.[Tomcat].[localhost].[/]       : Initializing Spring embedded WebApplicationContext
2024-12-04T15:12:26.293+07:00  INFO 38356 --- [projectDemo] [restartedMain] w.s.c.ServletWebServerApplicationContext : Root WebApplicationContext: initialization completed in 3412 ms
2024-12-04T15:12:26.542+07:00  INFO 38356 --- [projectDemo] [restartedMain] com.zaxxer.hikari.HikariDataSource       : HikariPool-1 - Starting...
2024-12-04T15:12:26.916+07:00  INFO 38356 --- [projectDemo] [restartedMain] com.zaxxer.hikari.pool.HikariPool        : HikariPool-1 - Added connection org.postgresql.jdbc.PgConnection@3ad980e2
2024-12-04T15:12:26.919+07:00  INFO 38356 --- [projectDemo] [restartedMain] com.zaxxer.hikari.HikariDataSource       : HikariPool-1 - Start completed.
2024-12-04T15:12:27.161+07:00  INFO 38356 --- [projectDemo] [restartedMain] o.hibernate.jpa.internal.util.LogHelper  : HHH000204: Processing PersistenceUnitInfo [name: default]
2024-12-04T15:12:27.286+07:00  INFO 38356 --- [projectDemo] [restartedMain] org.hibernate.Version                    : HHH000412: Hibernate ORM core version 6.6.1.Final
2024-12-04T15:12:27.365+07:00  INFO 38356 --- [projectDemo] [restartedMain] o.h.c.internal.RegionFactoryInitiator    : HHH000026: Second-level cache disabled
2024-12-04T15:12:28.089+07:00  INFO 38356 --- [projectDemo] [restartedMain] o.s.o.j.p.SpringPersistenceUnitInfo      : No LoadTimeWeaver setup: ignoring JPA class transformer
2024-12-04T15:12:28.199+07:00  WARN 38356 --- [projectDemo] [restartedMain] org.hibernate.orm.deprecation            : HHH90000025: PostgreSQLDialect does not need to be specified explicitly using 'hibernate.dialect' (remove the property setting and it will be selected by default)
2024-12-04T15:12:28.227+07:00  INFO 38356 --- [projectDemo] [restartedMain] org.hibernate.orm.connections.pooling    : HHH10001005: Database info:
	Database JDBC URL [Connecting through datasource 'HikariDataSource (HikariPool-1)']
	Database driver: undefined/unknown
	Database version: 16.2
	Autocommit mode: undefined/unknown
	Isolation level: undefined/unknown
	Minimum pool size: undefined/unknown
	Maximum pool size: undefined/unknown
2024-12-04T15:12:29.635+07:00  INFO 38356 --- [projectDemo] [restartedMain] o.h.e.t.j.p.i.JtaPlatformInitiator       : HHH000489: No JTA platform available (set 'hibernate.transaction.jta.platform' to enable JTA platform integration)
2024-12-04T15:12:29.788+07:00  INFO 38356 --- [projectDemo] [restartedMain] j.LocalContainerEntityManagerFactoryBean : Initialized JPA EntityManagerFactory for persistence unit 'default'
2024-12-04T15:12:30.560+07:00  INFO 38356 --- [projectDemo] [restartedMain] o.s.d.j.r.query.QueryEnhancerFactory     : Hibernate is in classpath; If applicable, HQL parser will be used.
2024-12-04T15:12:31.879+07:00  WARN 38356 --- [projectDemo] [restartedMain] JpaBaseConfiguration$JpaWebConfiguration : spring.jpa.open-in-view is enabled by default. Therefore, database queries may be performed during view rendering. Explicitly configure spring.jpa.open-in-view to disable this warning
2024-12-04T15:12:31.929+07:00  INFO 38356 --- [projectDemo] [restartedMain] eAuthenticationProviderManagerConfigurer : Global AuthenticationManager configured with AuthenticationProvider bean with name authProvider
2024-12-04T15:12:31.930+07:00  WARN 38356 --- [projectDemo] [restartedMain] r$InitializeUserDetailsManagerConfigurer : Global AuthenticationManager configured with an AuthenticationProvider bean. UserDetailsService beans will not be used by Spring Security for automatically configuring username/password login. Consider removing the AuthenticationProvider bean. Alternatively, consider using the UserDetailsService in a manually instantiated DaoAuthenticationProvider. If the current configuration is intentional, to turn off this warning, increase the logging level of 'org.springframework.security.config.annotation.authentication.configuration.InitializeUserDetailsBeanManagerConfigurer' to ERROR
2024-12-04T15:12:32.068+07:00  INFO 38356 --- [projectDemo] [restartedMain] o.s.b.a.w.s.WelcomePageHandlerMapping    : Adding welcome page template: index
2024-12-04T15:12:33.397+07:00  INFO 38356 --- [projectDemo] [restartedMain] o.s.b.d.a.OptionalLiveReloadServer       : LiveReload server is running on port 35729
2024-12-04T15:12:33.473+07:00  INFO 38356 --- [projectDemo] [restartedMain] o.s.b.w.embedded.tomcat.TomcatWebServer  : Tomcat started on port 8080 (http) with context path '/'
2024-12-04T15:12:33.744+07:00  INFO 38356 --- [projectDemo] [restartedMain] c.e.projectDemo.ProjectDemoApplication   : Started ProjectDemoApplication in 11.847 seconds (process running for 12.942)
2024-12-04T15:12:47.431+07:00  INFO 38356 --- [projectDemo] [http-nio-8080-exec-2] o.a.c.c.C.[Tomcat].[localhost].[/]       : Initializing Spring DispatcherServlet 'dispatcherServlet'
2024-12-04T15:12:47.432+07:00  INFO 38356 --- [projectDemo] [http-nio-8080-exec-2] o.s.web.servlet.DispatcherServlet        : Initializing Servlet 'dispatcherServlet'
2024-12-04T15:12:47.434+07:00  INFO 38356 --- [projectDemo] [http-nio-8080-exec-2] o.s.web.servlet.DispatcherServlet        : Completed initialization in 2 ms
2024-12-04T15:12:57.888+07:00  INFO 38356 --- [projectDemo] [SpringApplicationShutdownHook] o.s.b.w.e.tomcat.GracefulShutdown        : Commencing graceful shutdown. Waiting for active requests to complete
2024-12-04T15:12:57.902+07:00  INFO 38356 --- [projectDemo] [tomcat-shutdown] o.s.b.w.e.tomcat.GracefulShutdown        : Graceful shutdown complete
2024-12-04T15:12:57.925+07:00  INFO 38356 --- [projectDemo] [SpringApplicationShutdownHook] j.LocalContainerEntityManagerFactoryBean : Closing JPA EntityManagerFactory for persistence unit 'default'
2024-12-04T15:12:57.933+07:00  INFO 38356 --- [projectDemo] [SpringApplicationShutdownHook] com.zaxxer.hikari.HikariDataSource       : HikariPool-1 - Shutdown initiated...
2024-12-04T15:12:57.944+07:00  INFO 38356 --- [projectDemo] [SpringApplicationShutdownHook] com.zaxxer.hikari.HikariDataSource       : HikariPool-1 - Shutdown completed.
2024-12-04T15:13:05.861+07:00  INFO 3164 --- [projectDemo] [restartedMain] c.e.projectDemo.ProjectDemoApplication   : Starting ProjectDemoApplication using Java 21.0.2 with PID 3164 (D:\Blog_Java\Sacombank\projectDemo\target\classes started by HONG PHUC in D:\Blog_Java\Sacombank\projectDemo)
2024-12-04T15:13:05.869+07:00  INFO 3164 --- [projectDemo] [restartedMain] c.e.projectDemo.ProjectDemoApplication   : No active profile set, falling back to 1 default profile: "default"
2024-12-04T15:13:05.979+07:00  INFO 3164 --- [projectDemo] [restartedMain] .e.DevToolsPropertyDefaultsPostProcessor : Devtools property defaults active! Set 'spring.devtools.add-properties' to 'false' to disable
2024-12-04T15:13:05.979+07:00  INFO 3164 --- [projectDemo] [restartedMain] .e.DevToolsPropertyDefaultsPostProcessor : For additional web related logging consider setting the 'logging.level.web' property to 'DEBUG'
2024-12-04T15:13:07.392+07:00  INFO 3164 --- [projectDemo] [restartedMain] .s.d.r.c.RepositoryConfigurationDelegate : Bootstrapping Spring Data JPA repositories in DEFAULT mode.
2024-12-04T15:13:07.527+07:00  INFO 3164 --- [projectDemo] [restartedMain] .s.d.r.c.RepositoryConfigurationDelegate : Finished Spring Data repository scanning in 116 ms. Found 3 JPA repository interfaces.
2024-12-04T15:13:08.989+07:00  INFO 3164 --- [projectDemo] [restartedMain] o.s.b.w.embedded.tomcat.TomcatWebServer  : Tomcat initialized with port 8080 (http)
2024-12-04T15:13:09.014+07:00  INFO 3164 --- [projectDemo] [restartedMain] o.apache.catalina.core.StandardService   : Starting service [Tomcat]
2024-12-04T15:13:09.015+07:00  INFO 3164 --- [projectDemo] [restartedMain] o.apache.catalina.core.StandardEngine    : Starting Servlet engine: [Apache Tomcat/10.1.30]
2024-12-04T15:13:09.122+07:00  INFO 3164 --- [projectDemo] [restartedMain] o.a.c.c.C.[Tomcat].[localhost].[/]       : Initializing Spring embedded WebApplicationContext
2024-12-04T15:13:09.123+07:00  INFO 3164 --- [projectDemo] [restartedMain] w.s.c.ServletWebServerApplicationContext : Root WebApplicationContext: initialization completed in 3142 ms
2024-12-04T15:13:09.367+07:00  INFO 3164 --- [projectDemo] [restartedMain] com.zaxxer.hikari.HikariDataSource       : HikariPool-1 - Starting...
2024-12-04T15:13:09.750+07:00  INFO 3164 --- [projectDemo] [restartedMain] com.zaxxer.hikari.pool.HikariPool        : HikariPool-1 - Added connection org.postgresql.jdbc.PgConnection@11f51fd2
2024-12-04T15:13:09.752+07:00  INFO 3164 --- [projectDemo] [restartedMain] com.zaxxer.hikari.HikariDataSource       : HikariPool-1 - Start completed.
2024-12-04T15:13:10.006+07:00  INFO 3164 --- [projectDemo] [restartedMain] o.hibernate.jpa.internal.util.LogHelper  : HHH000204: Processing PersistenceUnitInfo [name: default]
2024-12-04T15:13:10.137+07:00  INFO 3164 --- [projectDemo] [restartedMain] org.hibernate.Version                    : HHH000412: Hibernate ORM core version 6.6.1.Final
2024-12-04T15:13:10.233+07:00  INFO 3164 --- [projectDemo] [restartedMain] o.h.c.internal.RegionFactoryInitiator    : HHH000026: Second-level cache disabled
2024-12-04T15:13:10.987+07:00  INFO 3164 --- [projectDemo] [restartedMain] o.s.o.j.p.SpringPersistenceUnitInfo      : No LoadTimeWeaver setup: ignoring JPA class transformer
2024-12-04T15:13:11.098+07:00  WARN 3164 --- [projectDemo] [restartedMain] org.hibernate.orm.deprecation            : HHH90000025: PostgreSQLDialect does not need to be specified explicitly using 'hibernate.dialect' (remove the property setting and it will be selected by default)
2024-12-04T15:13:11.122+07:00  INFO 3164 --- [projectDemo] [restartedMain] org.hibernate.orm.connections.pooling    : HHH10001005: Database info:
	Database JDBC URL [Connecting through datasource 'HikariDataSource (HikariPool-1)']
	Database driver: undefined/unknown
	Database version: 16.2
	Autocommit mode: undefined/unknown
	Isolation level: undefined/unknown
	Minimum pool size: undefined/unknown
	Maximum pool size: undefined/unknown
2024-12-04T15:13:12.448+07:00  INFO 3164 --- [projectDemo] [restartedMain] o.h.e.t.j.p.i.JtaPlatformInitiator       : HHH000489: No JTA platform available (set 'hibernate.transaction.jta.platform' to enable JTA platform integration)
2024-12-04T15:13:12.632+07:00  INFO 3164 --- [projectDemo] [restartedMain] j.LocalContainerEntityManagerFactoryBean : Initialized JPA EntityManagerFactory for persistence unit 'default'
2024-12-04T15:13:13.352+07:00  INFO 3164 --- [projectDemo] [restartedMain] o.s.d.j.r.query.QueryEnhancerFactory     : Hibernate is in classpath; If applicable, HQL parser will be used.
2024-12-04T15:13:14.603+07:00  WARN 3164 --- [projectDemo] [restartedMain] JpaBaseConfiguration$JpaWebConfiguration : spring.jpa.open-in-view is enabled by default. Therefore, database queries may be performed during view rendering. Explicitly configure spring.jpa.open-in-view to disable this warning
2024-12-04T15:13:14.675+07:00  INFO 3164 --- [projectDemo] [restartedMain] eAuthenticationProviderManagerConfigurer : Global AuthenticationManager configured with AuthenticationProvider bean with name authProvider
2024-12-04T15:13:14.676+07:00  WARN 3164 --- [projectDemo] [restartedMain] r$InitializeUserDetailsManagerConfigurer : Global AuthenticationManager configured with an AuthenticationProvider bean. UserDetailsService beans will not be used by Spring Security for automatically configuring username/password login. Consider removing the AuthenticationProvider bean. Alternatively, consider using the UserDetailsService in a manually instantiated DaoAuthenticationProvider. If the current configuration is intentional, to turn off this warning, increase the logging level of 'org.springframework.security.config.annotation.authentication.configuration.InitializeUserDetailsBeanManagerConfigurer' to ERROR
2024-12-04T15:13:14.834+07:00  INFO 3164 --- [projectDemo] [restartedMain] o.s.b.a.w.s.WelcomePageHandlerMapping    : Adding welcome page template: index
2024-12-04T15:13:16.263+07:00  INFO 3164 --- [projectDemo] [restartedMain] o.s.b.d.a.OptionalLiveReloadServer       : LiveReload server is running on port 35729
2024-12-04T15:13:16.346+07:00  INFO 3164 --- [projectDemo] [restartedMain] o.s.b.w.embedded.tomcat.TomcatWebServer  : Tomcat started on port 8080 (http) with context path '/'
2024-12-04T15:13:16.631+07:00  INFO 3164 --- [projectDemo] [restartedMain] c.e.projectDemo.ProjectDemoApplication   : Started ProjectDemoApplication in 11.867 seconds (process running for 13.017)
2024-12-04T15:13:25.541+07:00  INFO 3164 --- [projectDemo] [http-nio-8080-exec-1] o.a.c.c.C.[Tomcat].[localhost].[/]       : Initializing Spring DispatcherServlet 'dispatcherServlet'
2024-12-04T15:13:25.542+07:00  INFO 3164 --- [projectDemo] [http-nio-8080-exec-1] o.s.web.servlet.DispatcherServlet        : Initializing Servlet 'dispatcherServlet'
2024-12-04T15:13:25.544+07:00  INFO 3164 --- [projectDemo] [http-nio-8080-exec-1] o.s.web.servlet.DispatcherServlet        : Completed initialization in 1 ms
2024-12-04T15:13:48.509+07:00  INFO 3164 --- [projectDemo] [http-nio-8080-exec-3] c.e.p.ActiveMQ.MessageConsumer           : Received message: Xin chào tôi là Hồng Phúc Đậu

2024-12-04T15:13:59.716+07:00  INFO 3164 --- [projectDemo] [SpringApplicationShutdownHook] o.s.b.w.e.tomcat.GracefulShutdown        : Commencing graceful shutdown. Waiting for active requests to complete
2024-12-04T15:13:59.730+07:00  INFO 3164 --- [projectDemo] [tomcat-shutdown] o.s.b.w.e.tomcat.GracefulShutdown        : Graceful shutdown complete
2024-12-04T15:13:59.753+07:00  INFO 3164 --- [projectDemo] [SpringApplicationShutdownHook] j.LocalContainerEntityManagerFactoryBean : Closing JPA EntityManagerFactory for persistence unit 'default'
2024-12-04T15:13:59.763+07:00  INFO 3164 --- [projectDemo] [SpringApplicationShutdownHook] com.zaxxer.hikari.HikariDataSource       : HikariPool-1 - Shutdown initiated...
2024-12-04T15:13:59.774+07:00  INFO 3164 --- [projectDemo] [SpringApplicationShutdownHook] com.zaxxer.hikari.HikariDataSource       : HikariPool-1 - Shutdown completed.
2024-12-04T15:14:07.462+07:00  INFO 11136 --- [projectDemo] [restartedMain] c.e.projectDemo.ProjectDemoApplication   : Starting ProjectDemoApplication using Java 21.0.2 with PID 11136 (D:\Blog_Java\Sacombank\projectDemo\target\classes started by HONG PHUC in D:\Blog_Java\Sacombank\projectDemo)
2024-12-04T15:14:07.467+07:00  INFO 11136 --- [projectDemo] [restartedMain] c.e.projectDemo.ProjectDemoApplication   : No active profile set, falling back to 1 default profile: "default"
2024-12-04T15:14:07.588+07:00  INFO 11136 --- [projectDemo] [restartedMain] .e.DevToolsPropertyDefaultsPostProcessor : Devtools property defaults active! Set 'spring.devtools.add-properties' to 'false' to disable
2024-12-04T15:14:07.589+07:00  INFO 11136 --- [projectDemo] [restartedMain] .e.DevToolsPropertyDefaultsPostProcessor : For additional web related logging consider setting the 'logging.level.web' property to 'DEBUG'
2024-12-04T15:14:09.048+07:00  INFO 11136 --- [projectDemo] [restartedMain] .s.d.r.c.RepositoryConfigurationDelegate : Bootstrapping Spring Data JPA repositories in DEFAULT mode.
2024-12-04T15:14:09.184+07:00  INFO 11136 --- [projectDemo] [restartedMain] .s.d.r.c.RepositoryConfigurationDelegate : Finished Spring Data repository scanning in 116 ms. Found 3 JPA repository interfaces.
2024-12-04T15:14:10.635+07:00  INFO 11136 --- [projectDemo] [restartedMain] o.s.b.w.embedded.tomcat.TomcatWebServer  : Tomcat initialized with port 8080 (http)
2024-12-04T15:14:10.656+07:00  INFO 11136 --- [projectDemo] [restartedMain] o.apache.catalina.core.StandardService   : Starting service [Tomcat]
2024-12-04T15:14:10.657+07:00  INFO 11136 --- [projectDemo] [restartedMain] o.apache.catalina.core.StandardEngine    : Starting Servlet engine: [Apache Tomcat/10.1.30]
2024-12-04T15:14:10.759+07:00  INFO 11136 --- [projectDemo] [restartedMain] o.a.c.c.C.[Tomcat].[localhost].[/]       : Initializing Spring embedded WebApplicationContext
2024-12-04T15:14:10.760+07:00  INFO 11136 --- [projectDemo] [restartedMain] w.s.c.ServletWebServerApplicationContext : Root WebApplicationContext: initialization completed in 3170 ms
2024-12-04T15:14:11.005+07:00  INFO 11136 --- [projectDemo] [restartedMain] com.zaxxer.hikari.HikariDataSource       : HikariPool-1 - Starting...
2024-12-04T15:14:11.353+07:00  INFO 11136 --- [projectDemo] [restartedMain] com.zaxxer.hikari.pool.HikariPool        : HikariPool-1 - Added connection org.postgresql.jdbc.PgConnection@5ffe540e
2024-12-04T15:14:11.356+07:00  INFO 11136 --- [projectDemo] [restartedMain] com.zaxxer.hikari.HikariDataSource       : HikariPool-1 - Start completed.
2024-12-04T15:14:11.598+07:00  INFO 11136 --- [projectDemo] [restartedMain] o.hibernate.jpa.internal.util.LogHelper  : HHH000204: Processing PersistenceUnitInfo [name: default]
2024-12-04T15:14:11.738+07:00  INFO 11136 --- [projectDemo] [restartedMain] org.hibernate.Version                    : HHH000412: Hibernate ORM core version 6.6.1.Final
2024-12-04T15:14:11.822+07:00  INFO 11136 --- [projectDemo] [restartedMain] o.h.c.internal.RegionFactoryInitiator    : HHH000026: Second-level cache disabled
2024-12-04T15:14:12.582+07:00  INFO 11136 --- [projectDemo] [restartedMain] o.s.o.j.p.SpringPersistenceUnitInfo      : No LoadTimeWeaver setup: ignoring JPA class transformer
2024-12-04T15:14:12.722+07:00  WARN 11136 --- [projectDemo] [restartedMain] org.hibernate.orm.deprecation            : HHH90000025: PostgreSQLDialect does not need to be specified explicitly using 'hibernate.dialect' (remove the property setting and it will be selected by default)
2024-12-04T15:14:12.750+07:00  INFO 11136 --- [projectDemo] [restartedMain] org.hibernate.orm.connections.pooling    : HHH10001005: Database info:
	Database JDBC URL [Connecting through datasource 'HikariDataSource (HikariPool-1)']
	Database driver: undefined/unknown
	Database version: 16.2
	Autocommit mode: undefined/unknown
	Isolation level: undefined/unknown
	Minimum pool size: undefined/unknown
	Maximum pool size: undefined/unknown
2024-12-04T15:14:14.112+07:00  INFO 11136 --- [projectDemo] [restartedMain] o.h.e.t.j.p.i.JtaPlatformInitiator       : HHH000489: No JTA platform available (set 'hibernate.transaction.jta.platform' to enable JTA platform integration)
2024-12-04T15:14:14.324+07:00  INFO 11136 --- [projectDemo] [restartedMain] j.LocalContainerEntityManagerFactoryBean : Initialized JPA EntityManagerFactory for persistence unit 'default'
2024-12-04T15:14:15.110+07:00  INFO 11136 --- [projectDemo] [restartedMain] o.s.d.j.r.query.QueryEnhancerFactory     : Hibernate is in classpath; If applicable, HQL parser will be used.
2024-12-04T15:14:16.429+07:00  WARN 11136 --- [projectDemo] [restartedMain] JpaBaseConfiguration$JpaWebConfiguration : spring.jpa.open-in-view is enabled by default. Therefore, database queries may be performed during view rendering. Explicitly configure spring.jpa.open-in-view to disable this warning
2024-12-04T15:14:16.481+07:00  INFO 11136 --- [projectDemo] [restartedMain] eAuthenticationProviderManagerConfigurer : Global AuthenticationManager configured with AuthenticationProvider bean with name authProvider
2024-12-04T15:14:16.482+07:00  WARN 11136 --- [projectDemo] [restartedMain] r$InitializeUserDetailsManagerConfigurer : Global AuthenticationManager configured with an AuthenticationProvider bean. UserDetailsService beans will not be used by Spring Security for automatically configuring username/password login. Consider removing the AuthenticationProvider bean. Alternatively, consider using the UserDetailsService in a manually instantiated DaoAuthenticationProvider. If the current configuration is intentional, to turn off this warning, increase the logging level of 'org.springframework.security.config.annotation.authentication.configuration.InitializeUserDetailsBeanManagerConfigurer' to ERROR
2024-12-04T15:14:16.599+07:00  INFO 11136 --- [projectDemo] [restartedMain] o.s.b.a.w.s.WelcomePageHandlerMapping    : Adding welcome page template: index
2024-12-04T15:14:18.068+07:00  INFO 11136 --- [projectDemo] [restartedMain] o.s.b.d.a.OptionalLiveReloadServer       : LiveReload server is running on port 35729
2024-12-04T15:14:18.142+07:00  INFO 11136 --- [projectDemo] [restartedMain] o.s.b.w.embedded.tomcat.TomcatWebServer  : Tomcat started on port 8080 (http) with context path '/'
2024-12-04T15:14:18.406+07:00  INFO 11136 --- [projectDemo] [restartedMain] c.e.projectDemo.ProjectDemoApplication   : Started ProjectDemoApplication in 11.917 seconds (process running for 13.198)
2024-12-04T15:14:23.241+07:00  INFO 11136 --- [projectDemo] [http-nio-8080-exec-2] o.a.c.c.C.[Tomcat].[localhost].[/]       : Initializing Spring DispatcherServlet 'dispatcherServlet'
2024-12-04T15:14:23.241+07:00  INFO 11136 --- [projectDemo] [http-nio-8080-exec-2] o.s.web.servlet.DispatcherServlet        : Initializing Servlet 'dispatcherServlet'
2024-12-04T15:14:23.242+07:00  INFO 11136 --- [projectDemo] [http-nio-8080-exec-2] o.s.web.servlet.DispatcherServlet        : Completed initialization in 1 ms
2024-12-04T15:14:23.365+07:00  INFO 11136 --- [projectDemo] [http-nio-8080-exec-2] c.e.p.ActiveMQ.MessageConsumer           : Received message: Xin chào tôi là Hồng Phúc Đậu

2024-12-04T15:15:59.609+07:00  INFO 11136 --- [projectDemo] [SpringApplicationShutdownHook] o.s.b.w.e.tomcat.GracefulShutdown        : Commencing graceful shutdown. Waiting for active requests to complete
2024-12-04T15:15:59.623+07:00  INFO 11136 --- [projectDemo] [tomcat-shutdown] o.s.b.w.e.tomcat.GracefulShutdown        : Graceful shutdown complete
2024-12-04T15:15:59.649+07:00  INFO 11136 --- [projectDemo] [SpringApplicationShutdownHook] j.LocalContainerEntityManagerFactoryBean : Closing JPA EntityManagerFactory for persistence unit 'default'
2024-12-04T15:15:59.658+07:00  INFO 11136 --- [projectDemo] [SpringApplicationShutdownHook] com.zaxxer.hikari.HikariDataSource       : HikariPool-1 - Shutdown initiated...
2024-12-04T15:15:59.666+07:00  INFO 11136 --- [projectDemo] [SpringApplicationShutdownHook] com.zaxxer.hikari.HikariDataSource       : HikariPool-1 - Shutdown completed.
2024-12-04T15:16:07.229+07:00  INFO 2260 --- [projectDemo] [restartedMain] c.e.projectDemo.ProjectDemoApplication   : Starting ProjectDemoApplication using Java 21.0.2 with PID 2260 (D:\Blog_Java\Sacombank\projectDemo\target\classes started by HONG PHUC in D:\Blog_Java\Sacombank\projectDemo)
2024-12-04T15:16:07.234+07:00  INFO 2260 --- [projectDemo] [restartedMain] c.e.projectDemo.ProjectDemoApplication   : No active profile set, falling back to 1 default profile: "default"
2024-12-04T15:16:07.349+07:00  INFO 2260 --- [projectDemo] [restartedMain] .e.DevToolsPropertyDefaultsPostProcessor : Devtools property defaults active! Set 'spring.devtools.add-properties' to 'false' to disable
2024-12-04T15:16:07.349+07:00  INFO 2260 --- [projectDemo] [restartedMain] .e.DevToolsPropertyDefaultsPostProcessor : For additional web related logging consider setting the 'logging.level.web' property to 'DEBUG'
2024-12-04T15:16:08.759+07:00  INFO 2260 --- [projectDemo] [restartedMain] .s.d.r.c.RepositoryConfigurationDelegate : Bootstrapping Spring Data JPA repositories in DEFAULT mode.
2024-12-04T15:16:08.891+07:00  INFO 2260 --- [projectDemo] [restartedMain] .s.d.r.c.RepositoryConfigurationDelegate : Finished Spring Data repository scanning in 113 ms. Found 3 JPA repository interfaces.
2024-12-04T15:16:10.363+07:00  INFO 2260 --- [projectDemo] [restartedMain] o.s.b.w.embedded.tomcat.TomcatWebServer  : Tomcat initialized with port 8080 (http)
2024-12-04T15:16:10.395+07:00  INFO 2260 --- [projectDemo] [restartedMain] o.apache.catalina.core.StandardService   : Starting service [Tomcat]
2024-12-04T15:16:10.396+07:00  INFO 2260 --- [projectDemo] [restartedMain] o.apache.catalina.core.StandardEngine    : Starting Servlet engine: [Apache Tomcat/10.1.30]
2024-12-04T15:16:10.558+07:00  INFO 2260 --- [projectDemo] [restartedMain] o.a.c.c.C.[Tomcat].[localhost].[/]       : Initializing Spring embedded WebApplicationContext
2024-12-04T15:16:10.560+07:00  INFO 2260 --- [projectDemo] [restartedMain] w.s.c.ServletWebServerApplicationContext : Root WebApplicationContext: initialization completed in 3209 ms
2024-12-04T15:16:10.850+07:00  INFO 2260 --- [projectDemo] [restartedMain] com.zaxxer.hikari.HikariDataSource       : HikariPool-1 - Starting...
2024-12-04T15:16:11.287+07:00  INFO 2260 --- [projectDemo] [restartedMain] com.zaxxer.hikari.pool.HikariPool        : HikariPool-1 - Added connection org.postgresql.jdbc.PgConnection@6dd1cf56
2024-12-04T15:16:11.291+07:00  INFO 2260 --- [projectDemo] [restartedMain] com.zaxxer.hikari.HikariDataSource       : HikariPool-1 - Start completed.
2024-12-04T15:16:11.590+07:00  INFO 2260 --- [projectDemo] [restartedMain] o.hibernate.jpa.internal.util.LogHelper  : HHH000204: Processing PersistenceUnitInfo [name: default]
2024-12-04T15:16:11.777+07:00  INFO 2260 --- [projectDemo] [restartedMain] org.hibernate.Version                    : HHH000412: Hibernate ORM core version 6.6.1.Final
2024-12-04T15:16:11.862+07:00  INFO 2260 --- [projectDemo] [restartedMain] o.h.c.internal.RegionFactoryInitiator    : HHH000026: Second-level cache disabled
2024-12-04T15:16:12.607+07:00  INFO 2260 --- [projectDemo] [restartedMain] o.s.o.j.p.SpringPersistenceUnitInfo      : No LoadTimeWeaver setup: ignoring JPA class transformer
2024-12-04T15:16:12.706+07:00  WARN 2260 --- [projectDemo] [restartedMain] org.hibernate.orm.deprecation            : HHH90000025: PostgreSQLDialect does not need to be specified explicitly using 'hibernate.dialect' (remove the property setting and it will be selected by default)
2024-12-04T15:16:12.730+07:00  INFO 2260 --- [projectDemo] [restartedMain] org.hibernate.orm.connections.pooling    : HHH10001005: Database info:
	Database JDBC URL [Connecting through datasource 'HikariDataSource (HikariPool-1)']
	Database driver: undefined/unknown
	Database version: 16.2
	Autocommit mode: undefined/unknown
	Isolation level: undefined/unknown
	Minimum pool size: undefined/unknown
	Maximum pool size: undefined/unknown
2024-12-04T15:16:14.160+07:00  INFO 2260 --- [projectDemo] [restartedMain] o.h.e.t.j.p.i.JtaPlatformInitiator       : HHH000489: No JTA platform available (set 'hibernate.transaction.jta.platform' to enable JTA platform integration)
2024-12-04T15:16:14.406+07:00  INFO 2260 --- [projectDemo] [restartedMain] j.LocalContainerEntityManagerFactoryBean : Initialized JPA EntityManagerFactory for persistence unit 'default'
2024-12-04T15:16:15.168+07:00  INFO 2260 --- [projectDemo] [restartedMain] o.s.d.j.r.query.QueryEnhancerFactory     : Hibernate is in classpath; If applicable, HQL parser will be used.
2024-12-04T15:16:16.510+07:00  WARN 2260 --- [projectDemo] [restartedMain] JpaBaseConfiguration$JpaWebConfiguration : spring.jpa.open-in-view is enabled by default. Therefore, database queries may be performed during view rendering. Explicitly configure spring.jpa.open-in-view to disable this warning
2024-12-04T15:16:16.557+07:00  INFO 2260 --- [projectDemo] [restartedMain] eAuthenticationProviderManagerConfigurer : Global AuthenticationManager configured with AuthenticationProvider bean with name authProvider
2024-12-04T15:16:16.558+07:00  WARN 2260 --- [projectDemo] [restartedMain] r$InitializeUserDetailsManagerConfigurer : Global AuthenticationManager configured with an AuthenticationProvider bean. UserDetailsService beans will not be used by Spring Security for automatically configuring username/password login. Consider removing the AuthenticationProvider bean. Alternatively, consider using the UserDetailsService in a manually instantiated DaoAuthenticationProvider. If the current configuration is intentional, to turn off this warning, increase the logging level of 'org.springframework.security.config.annotation.authentication.configuration.InitializeUserDetailsBeanManagerConfigurer' to ERROR
2024-12-04T15:16:16.708+07:00  INFO 2260 --- [projectDemo] [restartedMain] o.s.b.a.w.s.WelcomePageHandlerMapping    : Adding welcome page template: index
2024-12-04T15:16:18.133+07:00  INFO 2260 --- [projectDemo] [restartedMain] o.s.b.d.a.OptionalLiveReloadServer       : LiveReload server is running on port 35729
2024-12-04T15:16:18.217+07:00  INFO 2260 --- [projectDemo] [restartedMain] o.s.b.w.embedded.tomcat.TomcatWebServer  : Tomcat started on port 8080 (http) with context path '/'
2024-12-04T15:16:18.500+07:00  INFO 2260 --- [projectDemo] [restartedMain] c.e.projectDemo.ProjectDemoApplication   : Started ProjectDemoApplication in 12.166 seconds (process running for 13.181)
2024-12-04T15:16:22.600+07:00  INFO 2260 --- [projectDemo] [http-nio-8080-exec-1] o.a.c.c.C.[Tomcat].[localhost].[/]       : Initializing Spring DispatcherServlet 'dispatcherServlet'
2024-12-04T15:16:22.600+07:00  INFO 2260 --- [projectDemo] [http-nio-8080-exec-1] o.s.web.servlet.DispatcherServlet        : Initializing Servlet 'dispatcherServlet'
2024-12-04T15:16:22.602+07:00  INFO 2260 --- [projectDemo] [http-nio-8080-exec-1] o.s.web.servlet.DispatcherServlet        : Completed initialization in 1 ms
2024-12-04T15:16:22.774+07:00  INFO 2260 --- [projectDemo] [http-nio-8080-exec-1] c.e.p.ActiveMQ.MessageConsumer           : Received message: Xin chào tôi là Hồng Phúc Đậu

2024-12-04T15:16:30.599+07:00  INFO 2260 --- [projectDemo] [org.springframework.jms.JmsListenerEndpointContainer#3-1] c.e.p.Topic.MessageTopicConsumers        : Received message on Subscriber 1: Xin chào tôi là Hồng Phúc Đậu
2024-12-04T15:16:30.599+07:00  INFO 2260 --- [projectDemo] [org.springframework.jms.JmsListenerEndpointContainer#2-1] c.e.p.Topic.MessageTopicConsumers        : Received message on Subscriber 3: Xin chào tôi là Hồng Phúc Đậu
2024-12-04T15:16:30.599+07:00  INFO 2260 --- [projectDemo] [org.springframework.jms.JmsListenerEndpointContainer#1-1] c.e.p.Topic.MessageTopicConsumers        : Received message on Subscriber 2: Xin chào tôi là Hồng Phúc Đậu
2024-12-04T15:55:06.027+07:00  WARN 2260 --- [projectDemo] [HikariPool-1 housekeeper] com.zaxxer.hikari.pool.HikariPool        : HikariPool-1 - Thread starvation or clock leap detected (housekeeper delta=1m54s250ms875µs100ns).
2024-12-04T16:03:35.587+07:00  INFO 2260 --- [projectDemo] [SpringApplicationShutdownHook] o.s.b.w.e.tomcat.GracefulShutdown        : Commencing graceful shutdown. Waiting for active requests to complete
2024-12-04T16:03:35.603+07:00  INFO 2260 --- [projectDemo] [tomcat-shutdown] o.s.b.w.e.tomcat.GracefulShutdown        : Graceful shutdown complete
2024-12-04T16:03:35.628+07:00  INFO 2260 --- [projectDemo] [SpringApplicationShutdownHook] j.LocalContainerEntityManagerFactoryBean : Closing JPA EntityManagerFactory for persistence unit 'default'
2024-12-04T16:03:35.636+07:00  INFO 2260 --- [projectDemo] [SpringApplicationShutdownHook] com.zaxxer.hikari.HikariDataSource       : HikariPool-1 - Shutdown initiated...
2024-12-04T16:03:35.644+07:00  INFO 2260 --- [projectDemo] [SpringApplicationShutdownHook] com.zaxxer.hikari.HikariDataSource       : HikariPool-1 - Shutdown completed.
